SOURCE GATE (performed before repository reads)
UTC initial: 2026-08-31T05:37:45+00:00
Initial Z3 probe: z3 executable absent; z3 Python module absent
Installed dependency afterward: python3 -m pip install z3-solver (z3-solver-5.1.0.0)
=== uname -a ===
Linux localhost 6.18.35 #1 SMP Fri Aug 21 00:36:21 UTC 2026 x86_64 x86_64 x86_64 GNU/Linux
=== hostname ===
localhost
=== Python/Z3 ===
Python 3.14.4
z3py 5.1.0
=== CPU ===
Architecture:                            x86_64
CPU op-mode(s):                          32-bit, 64-bit
Address sizes:                           46 bits physical, 48 bits virtual
Byte Order:                              Little Endian
CPU(s):                                  3
On-line CPU(s) list:                     0-2
Vendor ID:                               GenuineIntel
Model name:                              Intel(R) Xeon(R) Platinum 8370C CPU @ 2.80GHz
BIOS Model name:                           CPU @ 0.0GHz
BIOS CPU family:                         0
CPU family:                              6
Model:                                   106
Thread(s) per core:                      1
Core(s) per socket:                      3
Socket(s):                               1
Stepping:                                6
BogoMIPS:                                5586.87
Flags:                                   fpu vme de pse tsc msr pae mce cx8 apic sep mtrr pge mca cmov pat pse36 clflush mmx fxsr sse sse2 ss ht syscall nx pdpe1gb rdtscp lm rep_good nopl xtopology cpuid tsc_known_freq pni pclmulqdq ssse3 fma cx16 pcid sse4_1 sse4_2 x2apic movbe popcnt tsc_deadline_timer aes xsave avx f16c rdrand hypervisor lahf_lm abm 3dnowprefetch cpuid_fault fsgsbase tsc_adjust bmi1 hle avx2 smep bmi2 erms invpcid rtm avx512f avx512dq rdseed adx smap clflushopt avx512cd avx512bw avx512vl xsaveopt xsavec xsaves arat umip md_clear arch_capabilities
Hypervisor vendor:                       KVM
Virtualization type:                     full
L1d cache:                               96 KiB (2 instances)
L1i cache:                               64 KiB (2 instances)
L2 cache:                                2.5 MiB (2 instances)
L3 cache:                                48 MiB (1 instance)
NUMA node(s):                            1
NUMA node0 CPU(s):                       0-2
Vulnerability Gather data sampling:      Unknown: Dependent on hypervisor status
Vulnerability Ghostwrite:                Not affected
Vulnerability Indirect target selection: Vulnerable
Vulnerability Itlb multihit:             Not affected
Vulnerability L1tf:                      Mitigation; PTE Inversion
Vulnerability Mds:                       Vulnerable; SMT Host state unknown
Vulnerability Meltdown:                  Vulnerable
Vulnerability Mmio stale data:           Vulnerable
Vulnerability Old microcode:             Not affected
Vulnerability Reg file data sampling:    Not affected
Vulnerability Retbleed:                  Not affected
Vulnerability Spec rstack overflow:      Not affected
Vulnerability Spec store bypass:         Vulnerable
Vulnerability Spectre v1:                Vulnerable: __user pointer sanitization and usercopy barriers only; no swapgs barriers
Vulnerability Spectre v2:                Vulnerable; STIBP: disabled; PBRSB-eIBRS: Not affected; BHI: Vulnerable
Vulnerability Srbds:                     Not affected
Vulnerability Tsa:                       Not affected
Vulnerability Tsx async abort:           Vulnerable
Vulnerability Vmscape:                   Not affected
=== memory ===
               total        used        free      shared  buff/cache   available
Mem:            17Gi       943Mi        16Gi        16Ki       313Mi        16Gi
Swap:             0B          0B          0B
=== UTC evidence write ===
2026-08-31T05:38:36+00:00
=== git status --short --branch at initial gate ===
## work
=== HEAD ===
5048157a686fe2422582b5f041f0f1c1ed1ccab5
=== tree ===
7159563eddfe7036bb3aacb0600076bbc19fd825
=== dependency commands ===
python3
/usr/bin/jq
/usr/bin/git
=== git fsck --full ===
