results/logs/bool_cap_motif_5048157a686f/A21_jq.stdout: OK
results/logs/bool_cap_motif_5048157a686f/A21_post_jq.stdout: OK
results/logs/bool_cap_motif_5048157a686f/RUN_REPORT.md: OK
results/logs/bool_cap_motif_5048157a686f/bool_cap_b_28_r12_t0_seed0.candidate_jq.stdout: OK
results/logs/bool_cap_motif_5048157a686f/bool_cap_b_28_r12_t0_seed0.exit_status: OK
results/logs/bool_cap_motif_5048157a686f/bool_cap_b_28_r12_t0_seed0.json: OK
results/logs/bool_cap_motif_5048157a686f/bool_cap_b_28_r12_t0_seed0.resources.json: OK
results/logs/bool_cap_motif_5048157a686f/bool_cap_b_28_r12_t0_seed0.stderr: OK
results/logs/bool_cap_motif_5048157a686f/bool_cap_b_28_r12_t0_seed0.stdout: OK
results/logs/bool_cap_motif_5048157a686f/bool_cap_b_29_r12_t0_seed0.candidate_jq.stdout: OK
results/logs/bool_cap_motif_5048157a686f/bool_cap_b_29_r12_t0_seed0.exit_status: OK
results/logs/bool_cap_motif_5048157a686f/bool_cap_b_29_r12_t0_seed0.json: OK
results/logs/bool_cap_motif_5048157a686f/bool_cap_b_29_r12_t0_seed0.resources.json: OK
results/logs/bool_cap_motif_5048157a686f/bool_cap_b_29_r12_t0_seed0.stderr: OK
results/logs/bool_cap_motif_5048157a686f/bool_cap_b_29_r12_t0_seed0.stdout: OK
results/logs/bool_cap_motif_5048157a686f/bool_cap_b_31_r12_t0_seed0.candidate_jq.stdout: OK
results/logs/bool_cap_motif_5048157a686f/bool_cap_b_31_r12_t0_seed0.exit_status: OK
results/logs/bool_cap_motif_5048157a686f/bool_cap_b_31_r12_t0_seed0.json: OK
results/logs/bool_cap_motif_5048157a686f/bool_cap_b_31_r12_t0_seed0.resources.json: OK
results/logs/bool_cap_motif_5048157a686f/bool_cap_b_31_r12_t0_seed0.stderr: OK
results/logs/bool_cap_motif_5048157a686f/bool_cap_b_31_r12_t0_seed0.stdout: OK
results/logs/bool_cap_motif_5048157a686f/bool_known_A21_cap_motif.json: OK
results/logs/bool_cap_motif_5048157a686f/bool_known_A21_cap_motif.stderr: OK
results/logs/bool_cap_motif_5048157a686f/bool_known_A21_cap_motif.stdout: OK
results/logs/bool_cap_motif_5048157a686f/bool_known_A21_cap_motif_postprocess.json: OK
results/logs/bool_cap_motif_5048157a686f/bool_known_A21_cap_motif_postprocess.stderr: OK
results/logs/bool_cap_motif_5048157a686f/bool_known_A21_cap_motif_postprocess.stdout: OK
results/logs/bool_cap_motif_5048157a686f/bool_known_A21_cap_motif_postprocess_certificates/candidate.json: OK
results/logs/bool_cap_motif_5048157a686f/bool_known_A21_cap_motif_postprocess_certificates/closure_0_0.json: OK
results/logs/bool_cap_motif_5048157a686f/bool_known_A21_cap_motif_postprocess_certificates/closure_0_1.json: OK
results/logs/bool_cap_motif_5048157a686f/bool_known_A21_cap_motif_postprocess_certificates/closure_0_2.json: OK
results/logs/bool_cap_motif_5048157a686f/bool_known_A21_cap_motif_postprocess_certificates/closure_1_0.json: OK
results/logs/bool_cap_motif_5048157a686f/bool_known_A21_cap_motif_postprocess_certificates/closure_1_1.json: OK
results/logs/bool_cap_motif_5048157a686f/bool_known_A21_cap_motif_postprocess_certificates/closure_1_2.json: OK
results/logs/bool_cap_motif_5048157a686f/bool_known_A21_cap_motif_postprocess_certificates/closure_2_0.json: OK
results/logs/bool_cap_motif_5048157a686f/bool_known_A21_cap_motif_postprocess_certificates/closure_2_1.json: OK
results/logs/bool_cap_motif_5048157a686f/bool_known_A21_cap_motif_postprocess_certificates/closure_2_2.json: OK
results/logs/bool_cap_motif_5048157a686f/bool_known_A21_cap_motif_postprocess_certificates/opened_block.json: OK
results/logs/bool_cap_motif_5048157a686f/bool_known_order20.json: OK
results/logs/bool_cap_motif_5048157a686f/bool_known_order20.stderr: OK
results/logs/bool_cap_motif_5048157a686f/bool_known_order20.stdout: OK
results/logs/bool_cap_motif_5048157a686f/commands.sh: OK
results/logs/bool_cap_motif_5048157a686f/environment_source_gate.log: OK
results/logs/bool_cap_motif_5048157a686f/order20_jq.stdout: OK
results/logs/bool_cap_motif_5048157a686f/order20_verify.stderr: OK
results/logs/bool_cap_motif_5048157a686f/order20_verify.stdout: OK
results/logs/bool_cap_motif_5048157a686f/order20_verify_darts.stderr: OK
results/logs/bool_cap_motif_5048157a686f/order20_verify_darts.stdout: OK
