=== INITIAL PRE-FLIGHT (recorded before any repository file/job read) ===
Initial UTC: 2026-08-31T06:43:14Z
Initial uname: Linux 6671a6ea99f0 6.18.35 #1 SMP Fri Aug 21 00:36:21 UTC 2026 x86_64 x86_64 x86_64 GNU/Linux
Initial hostname: 6671a6ea99f0
Initial Python: Python 3.14.4
Initial Z3 probe: z3 executable absent; z3 Python module absent
Initial status porcelain: empty (clean)
Initial HEAD: 1c406a43e8e201d2f000b0210ecf70e8e7be9455
Initial tree: 4ff0fb7c7775bf3647a7c4ec08364c5f053737f0
Initial git fsck --full: exit 0, no output
Darwin hard-stop: not triggered (Linux)
Source binding: configured repository exact commit/tree; generic bundle steps replaced per dispatch
Installed dependency afterward: python3 -m pip install z3-solver==5.1.0.0
=== EXECUTION ENVIRONMENT ===
Linux 6671a6ea99f0 6.18.35 #1 SMP Fri Aug 21 00:36:21 UTC 2026 x86_64 x86_64 x86_64 GNU/Linux
6671a6ea99f0
2026-08-31T06:44:42Z
Python 3.14.4
Z3 5.1.0
Architecture:                            x86_64
CPU op-mode(s):                          32-bit, 64-bit
Address sizes:                           46 bits physical, 48 bits virtual
Byte Order:                              Little Endian
CPU(s):                                  3
On-line CPU(s) list:                     0-2
Vendor ID:                               GenuineIntel
Model name:                              Intel(R) Xeon(R) Platinum 8370C CPU @ 2.80GHz
BIOS Model name:                           CPU @ 0.0GHz
BIOS CPU family:                         0
CPU family:                              6
Model:                                   106
Thread(s) per core:                      1
Core(s) per socket:                      3
Socket(s):                               1
Stepping:                                6
BogoMIPS:                                5586.87
Flags:                                   fpu vme de pse tsc msr pae mce cx8 apic sep mtrr pge mca cmov pat pse36 clflush mmx fxsr sse sse2 ss ht syscall nx pdpe1gb rdtscp lm rep_good nopl xtopology cpuid tsc_known_freq pni pclmulqdq ssse3 fma cx16 pcid sse4_1 sse4_2 x2apic movbe popcnt tsc_deadline_timer aes xsave avx f16c rdrand hypervisor lahf_lm abm 3dnowprefetch cpuid_fault fsgsbase tsc_adjust bmi1 hle avx2 smep bmi2 erms invpcid rtm avx512f avx512dq rdseed adx smap clflushopt avx512cd avx512bw avx512vl xsaveopt xsavec xsaves arat umip md_clear arch_capabilities
Hypervisor vendor:                       KVM
Virtualization type:                     full
L1d cache:                               96 KiB (2 instances)
L1i cache:                               64 KiB (2 instances)
L2 cache:                                2.5 MiB (2 instances)
L3 cache:                                48 MiB (1 instance)
NUMA node(s):                            1
NUMA node0 CPU(s):                       0-2
Vulnerability Gather data sampling:      Unknown: Dependent on hypervisor status
Vulnerability Ghostwrite:                Not affected
Vulnerability Indirect target selection: Vulnerable
Vulnerability Itlb multihit:             Not affected
Vulnerability L1tf:                      Mitigation; PTE Inversion
Vulnerability Mds:                       Vulnerable; SMT Host state unknown
Vulnerability Meltdown:                  Vulnerable
Vulnerability Mmio stale data:           Vulnerable
Vulnerability Old microcode:             Not affected
Vulnerability Reg file data sampling:    Not affected
Vulnerability Retbleed:                  Not affected
Vulnerability Spec rstack overflow:      Not affected
Vulnerability Spec store bypass:         Vulnerable
Vulnerability Spectre v1:                Vulnerable: __user pointer sanitization and usercopy barriers only; no swapgs barriers
Vulnerability Spectre v2:                Vulnerable; STIBP: disabled; PBRSB-eIBRS: Not affected; BHI: Vulnerable
Vulnerability Srbds:                     Not affected
Vulnerability Tsa:                       Not affected
Vulnerability Tsx async abort:           Vulnerable
Vulnerability Vmscape:                   Not affected
               total        used        free      shared  buff/cache   available
Mem:            17Gi       701Mi        16Gi        16Ki       1.1Gi        17Gi
Swap:             0B          0B          0B
## work
?? results/logs/bool_socket_normal_form_1c406a43e8e2/
1c406a43e8e201d2f000b0210ecf70e8e7be9455
4ff0fb7c7775bf3647a7c4ec08364c5f053737f0
